C:/TouchGFXProjects/VoiceControlledDinoGame/Core/Src/main.c:701:13:MX_GPIO_Init	88	static
C:/TouchGFXProjects/VoiceControlledDinoGame/Core/Src/main.c:632:13:MX_DMA_Init	16	static
C:/TouchGFXProjects/VoiceControlledDinoGame/Core/Src/main.c:373:13:MX_CRC_Init	8	static
C:/TouchGFXProjects/VoiceControlledDinoGame/Core/Src/main.c:436:13:MX_I2C3_Init	16	static
C:/TouchGFXProjects/VoiceControlledDinoGame/Core/Src/main.c:996:13:SPI5_Write	16	static
C:/TouchGFXProjects/VoiceControlledDinoGame/Core/Src/main.c:975:17:SPI5_Read	16	static
C:/TouchGFXProjects/VoiceControlledDinoGame/Core/Src/main.c:551:13:MX_SPI5_Init	24	static
C:/TouchGFXProjects/VoiceControlledDinoGame/Core/Src/main.c:782:13:BSP_SDRAM_Initialization_Sequence	40	static
C:/TouchGFXProjects/VoiceControlledDinoGame/Core/Src/main.c:646:13:MX_FMC_Init	56	static
C:/TouchGFXProjects/VoiceControlledDinoGame/Core/Src/main.c:484:13:MX_LTDC_Init	72	static
C:/TouchGFXProjects/VoiceControlledDinoGame/Core/Src/main.c:399:13:MX_DMA2D_Init	8	static
C:/TouchGFXProjects/VoiceControlledDinoGame/Core/Src/main.c:601:13:MX_USART1_UART_Init	8	static
C:/TouchGFXProjects/VoiceControlledDinoGame/Core/Src/main.c:321:13:MX_ADC1_Init	32	static
C:/TouchGFXProjects/VoiceControlledDinoGame/Core/Src/main.c:905:13:I2C3_WriteData	32	static
C:/TouchGFXProjects/VoiceControlledDinoGame/Core/Src/main.c:925:16:I2C3_ReadData	32	static
C:/TouchGFXProjects/VoiceControlledDinoGame/Core/Src/main.c:950:16:I2C3_ReadBuffer	24	static
C:/TouchGFXProjects/VoiceControlledDinoGame/Core/Src/main.c:268:6:SystemClock_Config	96	static
C:/TouchGFXProjects/VoiceControlledDinoGame/Core/Src/main.c:167:5:main	8	static
C:/TouchGFXProjects/VoiceControlledDinoGame/Core/Src/main.c:840:6:IOE_Init	0	static
C:/TouchGFXProjects/VoiceControlledDinoGame/Core/Src/main.c:849:6:IOE_ITConfig	0	static
C:/TouchGFXProjects/VoiceControlledDinoGame/Core/Src/main.c:861:6:IOE_Write	8	static
C:/TouchGFXProjects/VoiceControlledDinoGame/Core/Src/main.c:872:9:IOE_Read	8	static
C:/TouchGFXProjects/VoiceControlledDinoGame/Core/Src/main.c:885:10:IOE_ReadMultiple	8	static
C:/TouchGFXProjects/VoiceControlledDinoGame/Core/Src/main.c:894:6:IOE_Delay	8	static
C:/TouchGFXProjects/VoiceControlledDinoGame/Core/Src/main.c:1022:6:LCD_IO_Init	8	static
C:/TouchGFXProjects/VoiceControlledDinoGame/Core/Src/main.c:1032:6:LCD_IO_WriteData	16	static
C:/TouchGFXProjects/VoiceControlledDinoGame/Core/Src/main.c:1048:6:LCD_IO_WriteReg	16	static
C:/TouchGFXProjects/VoiceControlledDinoGame/Core/Src/main.c:1067:10:LCD_IO_ReadData	24	static
C:/TouchGFXProjects/VoiceControlledDinoGame/Core/Src/main.c:1094:6:LCD_Delay	8	static
C:/TouchGFXProjects/VoiceControlledDinoGame/Core/Src/main.c:1099:6:HAL_ADC_ConvHalfCpltCallback	32	static,ignoring_inline_asm
C:/TouchGFXProjects/VoiceControlledDinoGame/Core/Src/main.c:1114:6:HAL_ADC_ConvCpltCallback	32	static,ignoring_inline_asm
C:/TouchGFXProjects/VoiceControlledDinoGame/Core/Src/main.c:1129:10:detect_sound	0	static
C:/TouchGFXProjects/VoiceControlledDinoGame/Core/Src/main.c:1156:6:StartDefaultTask	48	static
C:/TouchGFXProjects/VoiceControlledDinoGame/Core/Src/main.c:1196:6:HAL_TIM_PeriodElapsedCallback	8	static
C:/TouchGFXProjects/VoiceControlledDinoGame/Core/Src/main.c:1214:6:Error_Handler	0	static
