C:/TouchGFXProjects/VoiceControlledDinoGame/Core/Src/stm32f4xx_it.c:76:6:NMI_Handler	0	static
C:/TouchGFXProjects/VoiceControlledDinoGame/Core/Src/stm32f4xx_it.c:89:6:HardFault_Handler	0	static
C:/TouchGFXProjects/VoiceControlledDinoGame/Core/Src/stm32f4xx_it.c:104:6:MemManage_Handler	0	static
C:/TouchGFXProjects/VoiceControlledDinoGame/Core/Src/stm32f4xx_it.c:119:6:BusFault_Handler	0	static
C:/TouchGFXProjects/VoiceControlledDinoGame/Core/Src/stm32f4xx_it.c:134:6:UsageFault_Handler	0	static
C:/TouchGFXProjects/VoiceControlledDinoGame/Core/Src/stm32f4xx_it.c:149:6:DebugMon_Handler	0	static
C:/TouchGFXProjects/VoiceControlledDinoGame/Core/Src/stm32f4xx_it.c:169:6:RCC_IRQHandler	0	static
C:/TouchGFXProjects/VoiceControlledDinoGame/Core/Src/stm32f4xx_it.c:182:6:ADC_IRQHandler	8	static
C:/TouchGFXProjects/VoiceControlledDinoGame/Core/Src/stm32f4xx_it.c:196:6:USART1_IRQHandler	8	static
C:/TouchGFXProjects/VoiceControlledDinoGame/Core/Src/stm32f4xx_it.c:210:6:TIM6_DAC_IRQHandler	8	static
C:/TouchGFXProjects/VoiceControlledDinoGame/Core/Src/stm32f4xx_it.c:224:6:DMA2_Stream0_IRQHandler	8	static
C:/TouchGFXProjects/VoiceControlledDinoGame/Core/Src/stm32f4xx_it.c:238:6:LTDC_IRQHandler	8	static
C:/TouchGFXProjects/VoiceControlledDinoGame/Core/Src/stm32f4xx_it.c:252:6:DMA2D_IRQHandler	8	static
