C:/TouchGFXProjects/VoiceControlledDinoGame/Core/Src/stm32f4xx_hal_msp.c:686:13:HAL_FMC_MspInit	48	static
C:/TouchGFXProjects/VoiceControlledDinoGame/Core/Src/stm32f4xx_hal_msp.c:804:13:HAL_FMC_MspDeInit	8	static
C:/TouchGFXProjects/VoiceControlledDinoGame/Core/Src/stm32f4xx_hal_msp.c:65:6:HAL_MspInit	16	static
C:/TouchGFXProjects/VoiceControlledDinoGame/Core/Src/stm32f4xx_hal_msp.c:95:6:HAL_ADC_MspInit	48	static
C:/TouchGFXProjects/VoiceControlledDinoGame/Core/Src/stm32f4xx_hal_msp.c:154:6:HAL_ADC_MspDeInit	8	static
C:/TouchGFXProjects/VoiceControlledDinoGame/Core/Src/stm32f4xx_hal_msp.c:187:6:HAL_CRC_MspInit	8	static
C:/TouchGFXProjects/VoiceControlledDinoGame/Core/Src/stm32f4xx_hal_msp.c:210:6:HAL_CRC_MspDeInit	0	static
C:/TouchGFXProjects/VoiceControlledDinoGame/Core/Src/stm32f4xx_hal_msp.c:232:6:HAL_DMA2D_MspInit	16	static
C:/TouchGFXProjects/VoiceControlledDinoGame/Core/Src/stm32f4xx_hal_msp.c:258:6:HAL_DMA2D_MspDeInit	8	static
C:/TouchGFXProjects/VoiceControlledDinoGame/Core/Src/stm32f4xx_hal_msp.c:283:6:HAL_I2C_MspInit	64	static
C:/TouchGFXProjects/VoiceControlledDinoGame/Core/Src/stm32f4xx_hal_msp.c:332:6:HAL_I2C_MspDeInit	8	static
C:/TouchGFXProjects/VoiceControlledDinoGame/Core/Src/stm32f4xx_hal_msp.c:363:6:HAL_LTDC_MspInit	120	static
C:/TouchGFXProjects/VoiceControlledDinoGame/Core/Src/stm32f4xx_hal_msp.c:489:6:HAL_LTDC_MspDeInit	8	static
C:/TouchGFXProjects/VoiceControlledDinoGame/Core/Src/stm32f4xx_hal_msp.c:551:6:HAL_SPI_MspInit	40	static
C:/TouchGFXProjects/VoiceControlledDinoGame/Core/Src/stm32f4xx_hal_msp.c:589:6:HAL_SPI_MspDeInit	8	static
C:/TouchGFXProjects/VoiceControlledDinoGame/Core/Src/stm32f4xx_hal_msp.c:619:6:HAL_UART_MspInit	40	static
C:/TouchGFXProjects/VoiceControlledDinoGame/Core/Src/stm32f4xx_hal_msp.c:659:6:HAL_UART_MspDeInit	8	static
C:/TouchGFXProjects/VoiceControlledDinoGame/Core/Src/stm32f4xx_hal_msp.c:792:6:HAL_SDRAM_MspInit	8	static
C:/TouchGFXProjects/VoiceControlledDinoGame/Core/Src/stm32f4xx_hal_msp.c:878:6:HAL_SDRAM_MspDeInit	8	static
