../../TouchGFX/gui/include/gui/levelselectscreen_screen/LevelSelectScreenPresenter.hpp:28:13:LevelSelectScreenPresenter::~LevelSelectScreenPresenter()	0	static
C:/TouchGFXProjects/VoiceControlledDinoGame/TouchGFX/gui/src/levelselectscreen_screen/LevelSelectScreenPresenter.cpp:10:6:virtual void LevelSelectScreenPresenter::activate()	0	static
../../TouchGFX/gui/include/gui/levelselectscreen_screen/LevelSelectScreenPresenter.hpp:28:13:virtual LevelSelectScreenPresenter::~LevelSelectScreenPresenter()	8	static
../../TouchGFX/gui/include/gui/levelselectscreen_screen/LevelSelectScreenPresenter.hpp:28:13:virtual void* LevelSelectScreenPresenter::_ZThn4_N26LevelSelectScreenPresenterD1Ev()	0	static
C:/TouchGFXProjects/VoiceControlledDinoGame/TouchGFX/gui/src/levelselectscreen_screen/LevelSelectScreenPresenter.cpp:4:1:LevelSelectScreenPresenter::LevelSelectScreenPresenter(LevelSelectScreenView&)	0	static
