../../Middlewares/ST/touchgfx/framework/include/touchgfx/Screen.hpp:104:18:virtual void touchgfx::Screen::afterTransition()	0	static
../../Middlewares/ST/touchgfx/framework/include/touchgfx/Screen.hpp:144:18:virtual void touchgfx::Screen::handleTickEvent()	0	static
../../Middlewares/ST/touchgfx/framework/include/touchgfx/Screen.hpp:154:18:virtual void touchgfx::Screen::handleKeyEvent(uint8_t)	0	static
C:/TouchGFXProjects/VoiceControlledDinoGame/TouchGFX/gui/src/scoreboardscreen_screen/ScoreboardScreenView.cpp:15:6:virtual void ScoreboardScreenView::tearDownScreen()	0	static
../../TouchGFX/gui/include/gui/scoreboardscreen_screen/ScoreboardScreenView.hpp:11:13:ScoreboardScreenView::~ScoreboardScreenView()	8	static
../../TouchGFX/gui/include/gui/scoreboardscreen_screen/ScoreboardScreenView.hpp:11:13:virtual ScoreboardScreenView::~ScoreboardScreenView()	8	static
C:/TouchGFXProjects/VoiceControlledDinoGame/TouchGFX/gui/src/scoreboardscreen_screen/ScoreboardScreenView.cpp:5:1:ScoreboardScreenView::ScoreboardScreenView()	8	static
C:/TouchGFXProjects/VoiceControlledDinoGame/TouchGFX/gui/src/scoreboardscreen_screen/ScoreboardScreenView.cpp:10:6:virtual void ScoreboardScreenView::setupScreen()	0	static
C:/TouchGFXProjects/VoiceControlledDinoGame/TouchGFX/gui/src/scoreboardscreen_screen/ScoreboardScreenView.cpp:19:6:virtual void ScoreboardScreenView::updateScore()	16	static
